#
# There is insufficient memory for the Java Runtime Environment to continue.
# Native memory allocation (mmap) failed to map 266338304 bytes for G1 virtual space
# Possible reasons:
#   The system is out of physical RAM or swap space
#   The process is running with CompressedOops enabled, and the Java Heap may be blocking the growth of the native heap
# Possible solutions:
#   Reduce memory load on the system
#   Increase physical memory or swap space
#   Check if swap backing store is full
#   Decrease Java heap size (-Xmx/-Xms)
#   Decrease number of Java threads
#   Decrease Java thread stack sizes (-Xss)
#   Set larger code cache with -XX:ReservedCodeCacheSize=
#   JVM is running with Zero Based Compressed Oops mode in which the Java heap is
#     placed in the first 32GB address space. The Java Heap base address is the
#     maximum limit for the native heap growth. Please use -XX:HeapBaseMinAddress
#     to set the Java Heap base and to place the Java Heap above 32GB virtual address.
# This output file may be truncated or incomplete.
#
#  Out of Memory Error (os_windows.cpp:3604), pid=22472, tid=34796
#
# JRE version:  (21.0.10+8) (build )
# Java VM: Java HotSpot(TM) 64-Bit Server VM (21.0.10+8-LTS-217, mixed mode, sharing, tiered, compressed oops, compressed class ptrs, g1 gc, windows-amd64)
# No core dump will be written. Minidumps are not enabled by default on client versions of Windows
#

---------------  S U M M A R Y ------------

Command Line: C:\Users\Dell\AppData\Local\Temp\surefire16939959625542878460\surefirebooter-20260429170657636_3.jar C:\Users\Dell\AppData\Local\Temp\surefire16939959625542878460 2026-04-29T17-06-57_468-jvmRun1 surefire-20260429170657636_1tmp surefire_0-20260429170657636_2tmp

Host: Intel(R) Core(TM) i7-9750H CPU @ 2.60GHz, 12 cores, 15G,  Windows 11 , 64 bit Build 26100 (10.0.26100.7920)
Time: Wed Apr 29 17:06:57 2026 US Mountain Standard Time elapsed time: 0.019207 seconds (0d 0h 0m 0s)

---------------  T H R E A D  ---------------

Current thread (0x00000190e2519450):  JavaThread "Unknown thread" [_thread_in_vm, id=34796, stack(0x0000006e99600000,0x0000006e99700000) (1024K)]

Stack: [0x0000006e99600000,0x0000006e99700000]
Native frames: (J=compiled Java code, j=interpreted, Vv=VM code, C=native code)
V  [jvm.dll+0x6d0b59]
V  [jvm.dll+0x85fd56]
V  [jvm.dll+0x86224e]
V  [jvm.dll+0x862923]
V  [jvm.dll+0x282a16]
V  [jvm.dll+0x6cd405]
V  [jvm.dll+0x6c1f8a]
V  [jvm.dll+0x35bcc8]
V  [jvm.dll+0x363986]
V  [jvm.dll+0x3b4a3e]
V  [jvm.dll+0x3b4ce8]
V  [jvm.dll+0x32f98c]
V  [jvm.dll+0x3304db]
V  [jvm.dll+0x829d3e]
V  [jvm.dll+0x3c19d1]
V  [jvm.dll+0x812c0a]
V  [jvm.dll+0x4543d1]
V  [jvm.dll+0x455e21]
C  [jli.dll+0x5310]
C  [ucrtbase.dll+0x37b0]
C  [KERNEL32.DLL+0x2e8d7]
C  [ntdll.dll+0x8c48c]


---------------  P R O C E S S  ---------------

Threads class SMR info:
_java_thread_list=0x00007ffdd2348c88, length=0, elements={
}

Java Threads: ( => current thread )
Total: 0

Other Threads:
  0x00000190e257dbe0 WorkerThread "GC Thread#0"                     [id=20160, stack(0x0000006e99700000,0x0000006e99800000) (1024K)]
  0x00000190e258f670 ConcurrentGCThread "G1 Main Marker"            [id=16644, stack(0x0000006e99800000,0x0000006e99900000) (1024K)]
  0x00000190e2591040 WorkerThread "G1 Conc#0"                       [id=30340, stack(0x0000006e99900000,0x0000006e99a00000) (1024K)]

[error occurred during error reporting (printing all threads), id 0xc0000005, EXCEPTION_ACCESS_VIOLATION (0xc0000005) at pc=0x00007ffdd1ab2447]
VM state: not at safepoint (not fully initialized)

VM Mutex/Monitor currently owned by a thread:  ([mutex/lock_event])
[0x00007ffdd23ba010] Heap_lock - owner thread: 0x00000190e2519450

Heap address: 0x0000000702e00000, size: 4050 MB, Compressed Oops mode: Zero based, Oop shift amount: 3

CDS archive(s) mapped at: [0x0000000000000000-0x0000000000000000-0x0000000000000000), size 0, SharedBaseAddress: 0x0000000800000000, ArchiveRelocationMode: 1.
Narrow klass base: 0x0000000000000000, Narrow klass shift: 0, Narrow klass range: 0x0

GC Precious Log:
 CardTable entry size: 512
 Card Set container configuration: InlinePtr #cards 4 size 8 Array Of Cards #cards 16 size 48 Howl #buckets 8 coarsen threshold 3686 Howl Bitmap #cards 512 size 80 coarsen threshold 460 Card regions per heap region 1 cards per card region 4096

Heap:
 garbage-first heap   total 0K, used 0K [0x0000000702e00000, 0x0000000800000000)
  region size 2048K, 0 young (0K), 0 survivors (0K)

[error occurred during error reporting (printing heap information), id 0xc0000005, EXCEPTION_ACCESS_VIOLATION (0xc0000005) at pc=0x00007ffdd1e9ac39]
GC Heap History (0 events):
No events

Dll operation events (1 events):
Event: 0.009 Loaded shared library C:\Program Files\Java\jdk-21.0.10\bin\java.dll

Deoptimization events (0 events):
No events

Classes loaded (0 events):
No events

Classes unloaded (0 events):
No events

Classes redefined (0 events):
No events

Internal exceptions (0 events):
No events

ZGC Phase Switch (0 events):
No events

VM Operations (0 events):
No events

Events (0 events):
No events


Dynamic libraries:
0x00007ff7a04e0000 - 0x00007ff7a04f0000 	C:\Program Files\Java\jdk-21.0.10\bin\java.exe
0x00007fff31640000 - 0x00007fff318a7000 	C:\WINDOWS\SYSTEM32\ntdll.dll
0x00007fff2fa50000 - 0x00007fff2fb19000 	C:\WINDOWS\System32\KERNEL32.DLL
0x00007fff2e1d0000 - 0x00007fff2e5c1000 	C:\WINDOWS\System32\KERNELBASE.dll
0x00007fff2e690000 - 0x00007fff2e7db000 	C:\WINDOWS\System32\ucrtbase.dll
0x00007ffee7d40000 - 0x00007ffee7d5e000 	C:\Program Files\Java\jdk-21.0.10\bin\VCRUNTIME140.dll
0x00007ffeea240000 - 0x00007ffeea259000 	C:\Program Files\Java\jdk-21.0.10\bin\jli.dll
0x00007fff2f6a0000 - 0x00007fff2f75b000 	C:\WINDOWS\System32\ADVAPI32.dll
0x00007fff31430000 - 0x00007fff314d9000 	C:\WINDOWS\System32\msvcrt.dll
0x00007fff30170000 - 0x00007fff30217000 	C:\WINDOWS\System32\sechost.dll
0x00007fff30e10000 - 0x00007fff30f28000 	C:\WINDOWS\System32\RPCRT4.dll
0x00007fff2f3e0000 - 0x00007fff2f5a5000 	C:\WINDOWS\System32\USER32.dll
0x00007fff17cc0000 - 0x00007fff17f53000 	C:\WINDOWS\WinSxS\amd64_microsoft.windows.common-controls_6595b64144ccf1df_6.0.26100.8037_none_3e092faae333b53b\COMCTL32.dll
0x00007fff2f320000 - 0x00007fff2f347000 	C:\WINDOWS\System32\win32u.dll
0x00007fff31400000 - 0x00007fff3142b000 	C:\WINDOWS\System32\GDI32.dll
0x00007fff2df20000 - 0x00007fff2e04b000 	C:\WINDOWS\System32\gdi32full.dll
0x00007fff2e950000 - 0x00007fff2e9f3000 	C:\WINDOWS\System32\msvcp_win.dll
0x00007fff25aa0000 - 0x00007fff25aab000 	C:\WINDOWS\SYSTEM32\VERSION.dll
0x00007fff2fb20000 - 0x00007fff2fb51000 	C:\WINDOWS\System32\IMM32.DLL
0x00007fff295c0000 - 0x00007fff295cc000 	C:\Program Files\Java\jdk-21.0.10\bin\vcruntime140_1.dll
0x00007ffe9dc70000 - 0x00007ffe9dcfd000 	C:\Program Files\Java\jdk-21.0.10\bin\msvcp140.dll
0x00007ffdd1770000 - 0x00007ffdd2497000 	C:\Program Files\Java\jdk-21.0.10\bin\server\jvm.dll
0x00007fff2f9d0000 - 0x00007fff2fa44000 	C:\WINDOWS\System32\WS2_32.dll
0x00007fff2d410000 - 0x00007fff2d46e000 	C:\WINDOWS\SYSTEM32\POWRPROF.dll
0x00007fff270f0000 - 0x00007fff27125000 	C:\WINDOWS\SYSTEM32\WINMM.dll
0x00007fff2d3f0000 - 0x00007fff2d404000 	C:\WINDOWS\SYSTEM32\UMPDC.dll
0x00007fff2cd20000 - 0x00007fff2cd3b000 	C:\WINDOWS\SYSTEM32\kernel.appcore.dll
0x00007fff27680000 - 0x00007fff2768a000 	C:\Program Files\Java\jdk-21.0.10\bin\jimage.dll
0x00007fff2bb60000 - 0x00007fff2bda2000 	C:\WINDOWS\SYSTEM32\DBGHELP.DLL
0x00007fff30280000 - 0x00007fff30602000 	C:\WINDOWS\System32\combase.dll
0x00007fff2fbf0000 - 0x00007fff2fcc7000 	C:\WINDOWS\System32\OLEAUT32.dll
0x00007fff26bf0000 - 0x00007fff26c2b000 	C:\WINDOWS\SYSTEM32\dbgcore.DLL
0x00007fff2ea00000 - 0x00007fff2eaa5000 	C:\WINDOWS\System32\bcryptPrimitives.dll
0x00007ffeca6a0000 - 0x00007ffeca6c1000 	C:\Program Files\Java\jdk-21.0.10\bin\java.dll

dbghelp: loaded successfully - version: 4.0.5 - missing functions: none
symbol engine: initialized successfully - sym options: 0x614 - pdb path: .;C:\Program Files\Java\jdk-21.0.10\bin;C:\WINDOWS\SYSTEM32;C:\WINDOWS\WinSxS\amd64_microsoft.windows.common-controls_6595b64144ccf1df_6.0.26100.8037_none_3e092faae333b53b;C:\Program Files\Java\jdk-21.0.10\bin\server

VM Arguments:
java_command: C:\Users\Dell\AppData\Local\Temp\surefire16939959625542878460\surefirebooter-20260429170657636_3.jar C:\Users\Dell\AppData\Local\Temp\surefire16939959625542878460 2026-04-29T17-06-57_468-jvmRun1 surefire-20260429170657636_1tmp surefire_0-20260429170657636_2tmp
java_class_path (initial): C:\Users\Dell\AppData\Local\Temp\surefire16939959625542878460\surefirebooter-20260429170657636_3.jar
Launcher Type: SUN_STANDARD

[Global flags]
     intx CICompilerCount                          = 4                                         {product} {ergonomic}
     uint ConcGCThreads                            = 3                                         {product} {ergonomic}
     uint G1ConcRefinementThreads                  = 10                                        {product} {ergonomic}
   size_t G1HeapRegionSize                         = 2097152                                   {product} {ergonomic}
    uintx GCDrainStackTargetSize                   = 64                                        {product} {ergonomic}
   size_t InitialHeapSize                          = 266338304                                 {product} {ergonomic}
   size_t MarkStackSize                            = 4194304                                   {product} {ergonomic}
   size_t MaxHeapSize                              = 4246732800                                {product} {ergonomic}
   size_t MinHeapDeltaBytes                        = 2097152                                   {product} {ergonomic}
   size_t MinHeapSize                              = 8388608                                   {product} {ergonomic}
    uintx NonNMethodCodeHeapSize                   = 5839372                                {pd product} {ergonomic}
    uintx NonProfiledCodeHeapSize                  = 122909434                              {pd product} {ergonomic}
    uintx ProfiledCodeHeapSize                     = 122909434                              {pd product} {ergonomic}
    uintx ReservedCodeCacheSize                    = 251658240                              {pd product} {ergonomic}
     bool SegmentedCodeCache                       = true                                      {product} {ergonomic}
   size_t SoftMaxHeapSize                          = 4246732800                             {manageable} {ergonomic}
     bool UseCompressedOops                        = true                           {product lp64_product} {ergonomic}
     bool UseG1GC                                  = true                                      {product} {ergonomic}
     bool UseLargePagesIndividualAllocation        = false                                  {pd product} {ergonomic}

Logging:
Log output configuration:
 #0: stdout all=warning uptime,level,tags foldmultilines=false
 #1: stderr all=off uptime,level,tags foldmultilines=false

Environment Variables:
JAVA_HOME=C:\Program Files\Java\jdk-21.0.10
PATH=C:\Program Files\Common Files\Oracle\Java\javapath;C:\Program Files (x86)\Common Files\Oracle\Java\java8path;C:\Program Files (x86)\Common Files\Oracle\Java\javapath;C:\ProgramData\Oracle\Java\javapath;C:\Windows\system32;C:\Windows;C:\Windows\System32\Wbem;C:\Windows\System32\WindowsPowerShell\v1.0\;C:\Windows\System32\OpenSSH\;C:\Program Files (x86)\NVIDIA Corporation\PhysX\Common;C:\Program Files\NVIDIA Corporation\NVIDIA NvDLISR;C:\WINDOWS\system32;C:\WINDOWS;C:\WINDOWS\System32\Wbem;C:\WINDOWS\System32\WindowsPowerShell\v1.0\;C:\WINDOWS\System32\OpenSSH\;C:\Program Files\dotnet\;C:\Program Files\Microsoft SQL Server\150\Tools\Binn\;C:\Program Files\MATLAB\R2023b\bin;C:\iverilog\bin;C:\iverilog\gtkwave\bin;C:\Program Files\PuTTY\;C:\Program Files\Java\jdk-21\bin;C:\Program Files\Microsoft SQL Server\170\Tools\Binn\;C:\Program Files\Microsoft SQL Server\Client SDK\ODBC\170\Tools\Binn\;D:\CSE 464\Project Part 1\Graphviz\bin;C:\Program Files\Git\cmd;D:\CSE 464\Project Part 1\apache-maven-3.9.13-bin\apache-maven-3.9.13\bin;C:\Program Files\Java\jdk-21.0.10\bin;D:\Node.js\;C:\Users\Dell\AppData\Local\Programs\Python\Launcher\;C:\Users\Dell\AppData\Local\Microsoft\WindowsApps;D:\CSE 464\Project Part 1\IntelliJ IDEA 2025.3.3\bin;C:\Users\Dell\.dotnet\tools;C:\Users\Dell\AppData\Roaming\npm;D:\Node.js\;D:\Node.js\node_modules\npm\bin;
USERNAME=Amir
OS=Windows_NT
PROCESSOR_IDENTIFIER=Intel64 Family 6 Model 158 Stepping 10, GenuineIntel
TMP=C:\Users\Dell\AppData\Local\Temp
TEMP=C:\Users\Dell\AppData\Local\Temp




Periodic native trim disabled

---------------  S Y S T E M  ---------------

OS:
 Windows 11 , 64 bit Build 26100 (10.0.26100.7920)
OS uptime: 9 days 4:13 hours

CPU: total 12 (initial active 12) (6 cores per cpu, 2 threads per core) family 6 model 158 stepping 10 microcode 0xf4, cx8, cmov, fxsr, ht, mmx, 3dnowpref, sse, sse2, sse3, ssse3, sse4.1, sse4.2, popcnt, lzcnt, tsc, tscinvbit, avx, avx2, aes, erms, clmul, bmi1, bmi2, adx, fma, vzeroupper, clflush, clflushopt, rdtscp, f16c
Processor Information for all 12 processors :
  Max Mhz: 2592, Current Mhz: 2592, Mhz Limit: 2592

Memory: 4k page, system-wide physical 16199M (1736M free)
TotalPageFile size 22789M (AvailPageFile size 78M)
current process WorkingSet (physical memory assigned to process): 12M, peak: 12M
current process commit charge ("private bytes"): 64M, peak: 318M

vm_info: Java HotSpot(TM) 64-Bit Server VM (21.0.10+8-LTS-217) for windows-amd64 JRE (21.0.10+8-LTS-217), built on 2025-12-18T14:59:28Z by "mach5run" with MS VC++ 17.13 (VS2022)

END.
